'<style>\n.span {\n    background-color: yellow;\n}\n\n.overlapping-span {\n    background-color: red;\n}\n\n.spanline {\n    background-color: blue;\n    position: relative;\n    height: 3px;\n    margin-left: 0px;\n}\n\n.tables {\n    position: absolute;\n    width: fit-content;\n    width: -moz-fit-content;\n    border: 1px solid black;\n}\n\n.maintext{0} {\n    position: relative;\n}\n\n.tables tbody tr:nth-child(even) {\n    background-color: lightgray;\n}\n\n.tables tbody tr:nth-child(odd) {\n    background-color: beige;\n}\n\n.tables tbody tr:hover {\n    background-color: ivory;\n}\n</style>'