'<script>\nvar elements = document.getElementsByClassName("overlapping-span")\nfor (let i = 0; i < elements.length; i++){\n    elements.item(i).addEventListener("click",function() {show_conflicting_spans(elements.item(i));})\n}\n\nfunction show_conflicting_spans(span_element) {\n    console.log(span_element)\n    let spantable = document.createElement(\'div\')\n    spantable.classList.add(\'tables\')\n\n    // Prepare the contents of the span table\n    data = span_element.getAttribute("span_info")\n    data = data.split(",")\n    var spancontent = \'<table>\'\n    for (let row of data) {\n        spancontent+=\'<tr><td>\'\n        spancontent+=row\n        spancontent+=\'</td></tr>\'\n    }\n    spancontent += \'</table>\'\n    spantable.innerHTML = spancontent\n    span_element.parentElement.appendChild(spantable)\n\n    //Position the table directly below the corresponding text\n    spantable.style.left = "0px";\n    spantable.style.top = "0px";\n    spantable.style.left = span_element.getBoundingClientRect().left-spantable.getBoundingClientRect().left + \'px\'\n    spantable.style.top = span_element.getBoundingClientRect().top-spantable.getBoundingClientRect().top+span_element.getBoundingClientRect().height+ \'px\'\n    spantable.parentElement.style.height = spantable.parentElement.style.height+"100px"\n\n    // remove the table when clicked on again\n    spantable.addEventListener(\'click\', function () {\n        let element = this.parentElement\n        element.removeChild(this)  //deleting the table\n    })\n}\n\nfunction span_table (span) {{\n    data = span.getAttribute("span_info")\n    data = data.split(",")\n    var content = \'<table>\'\n    for (let row of data) {\n        content+=\'<tr><td>\'\n        content+=row\n        content+=\'</td></tr>\'\n    }\n    content += \'</table>\'\n\n    return content\n}}</script><style>\n.span {\n    background-color: yellow;\n}\n\n.overlapping-span {\n    background-color: red;\n}\n\n.spanline {\n    background-color: blue;\n    position: relative;\n    height: 3px;\n    margin-left: 0px;\n}\n\n.tables {\n    position: absolute;\n    width: fit-content;\n    width: -moz-fit-content;\n    border: 1px solid black;\n}\n\n.maintext{0} {\n    position: relative;\n}\n\n.tables tbody tr:nth-child(even) {\n    background-color: lightgray;\n}\n\n.tables tbody tr:nth-child(odd) {\n    background-color: beige;\n}\n\n.tables tbody tr:hover {\n    background-color: ivory;\n}\n</style><span span_info=Sada>Sada</span> <span span_info=kaks,kakskümmend>kaks</span><span span_info=kakskümmend,kümme>kümme</span><span span_info=kakskümmend>nd</span> <span span_info=kolm>kolm</span>.<span span_info= Neli> Neli</span> <span span_info=tuhat>tuhat</span> <span span_info=viis,viissada>viis</span><span span_info=viissada,sada>sada</span> <span span_info=kuus,kuuskümmend>kuus</span><span span_info=kuuskümmend,kümme>kümme</span><span span_info=kuuskümmend>nd</span> <span span_info=seitse>seitse</span> <span span_info=koma>koma</span> <span span_info=kaheksa>kaheksa</span>. <span span_info=Üheksa,Üheksakümmend>Üheksa</span><span span_info=Üheksakümmend,kümme>kümme</span><span span_info=Üheksakümmend>nd</span> tuhat.'