{"meta": {}, "text": "Rävala 5, Tallinn", "layers": [{"attributes": ["grammar_symbol", "type"], "spans": [[{"type": "tänav", "start": 0, "end": 6, "grammar_symbol": "TÄNAV"}, {"type": "talu", "start": 0, "end": 6, "grammar_symbol": "TALU"}], [{"type": null, "start": 7, "end": 8, "grammar_symbol": "MAJA"}], [{"type": "asula", "start": 10, "end": 17, "grammar_symbol": "ASULA"}]], "_base": "address_parts", "enveloping": null, "name": "address_parts", "parent": null, "ambiguous": true}, {"attributes": ["grammar_symbol", "TÄNAV", "MAJA", "ASULA", "MAAKOND", "INDEKS"], "spans": [{"INDEKS": "", "MAJA": "5", "_index_": [0, 1, 2], "ASULA": "T", "grammar_symbol": "ADDRESS", "MAAKOND": "", "TÄNAV": "R"}], "_base": "addresses", "enveloping": "address_parts", "name": "addresses", "parent": null, "ambiguous": false}, {"attributes": ["normalized_form"], "spans": [{"start": 0, "normalized_form": null, "end": 6}, {"start": 7, "normalized_form": null, "end": 8}, {"start": 8, "normalized_form": null, "end": 9}, {"start": 10, "normalized_form": null, "end": 17}], "_base": "words", "enveloping": null, "name": "words", "parent": null, "ambiguous": false}]}